
> blazemates@1.0.0 build
> expo export --platform web

env: load .env
env: export EXPO_PUBLIC_SUPABASE_ANON_KEY EXPO_PUBLIC_SUPABASE_URL STRIPE_SECRET_KEY EXPO_PUBLIC_STRIPE_PUBLISHABLE_KEY EXPO_PUBLIC_STRIPE_PRICE_ID_PLUS EXPO_PUBLIC_STRIPE_PRICE_ID_PRO STRIPE_PRICE_ID_PLUS STRIPE_PRICE_ID_PRO STRIPE_WEBHOOK_SECRET
Starting Metro Bundler
Static rendering is enabled. Learn more: https://docs.expo.dev/router/reference/static-rendering/
Web node_modules/expo-router/entry.js ░░░░░░░░░░░░░░░░  0.0% (0/1)
λ node_modules/expo-router/node/render.js ░░░░░░░░░░░░░░░░  0.0% (0/1)
Web node_modules/expo-router/entry.js ▓▓▓▓░░░░░░░░░░░░ 29.2% (208/385)
λ node_modules/expo-router/node/render.js ▓▓▓▓▓▓░░░░░░░░░░ 42.6% (310/475)
Web node_modules/expo-router/entry.js ▓▓▓▓▓▓▓░░░░░░░░░ 48.7% (418/599)
λ node_modules/expo-router/node/render.js ▓▓▓▓▓▓▓▓▓▓░░░░░░ 66.3% ( 634/2460)
Web node_modules/expo-router/entry.js ▓▓▓▓▓▓▓▓▓░░░░░░░ 61.3% ( 600/2434)
λ node_modules/expo-router/node/render.js ▓▓▓▓▓▓▓▓▓▓░░░░░░ 66.3% ( 791/2597)
Web node_modules/expo-router/entry.js ▓▓▓▓▓▓▓▓▓▓▓▓▓▓▓░ 94.4% (2650/2727)
λ node_modules/expo-router/node/render.js ▓▓▓▓▓▓▓▓▓▓▓▓▓▓░░ 92.7% (2750/2860)
λ Bundled 17200ms node_modules/expo-router/node/render.js (3158 modules)
Web node_modules/expo-router/entry.js ▓▓▓▓▓▓▓▓▓▓▓▓▓▓▓░ 99.6% (2917/2923)
Web node_modules/expo-router/entry.js ▓▓▓▓▓▓▓▓▓▓▓▓▓▓▓░ 99.7% (2918/2923)
Web Bundled 23517ms node_modules/expo-router/entry.js (2933 modules)

› web bundles (1):
_expo/static/js/web/entry-d94cb8c1240c07f02a645a800d04fc9f.js (4.27 MB)

› Static routes (22):
/chat (17.2 kB)
/about (17.2 kB)
/ (index) (17.2 kB)
/login (17.2 kB)
/match (17.2 kB)
/swipe (17.2 kB)
/camera (17.2 kB)
/matches (17.2 kB)
/profile (17.2 kB)
/welcome (17.2 kB)
/settings (17.2 kB)
/_sitemap (17.1 kB)
/age-check (17.2 kB)
/+not-found (17.1 kB)
/profile-edit (17.2 kB)
/subscription (17.2 kB)
/admin-reports (17.2 kB)
/create-account (17.2 kB)
/reset-password (17.2 kB)
/username-setup (17.2 kB)
/forgot-password (17.2 kB)
/underage-blocked (17.2 kB)

Exported: dist
